// Jest Snapshot v1, https://goo.gl/fbAQLP

exports[`TimeSeries should render component comparing with previous snapshot shallow markup 1`] = `
<div
  className="timeSeriesPrices"
>
  <ResponsiveContainer
    debounce={0}
    height="100%"
    width="100%"
  >
    <LineChart
      barCategoryGap="10%"
      barGap={4}
      layout="horizontal"
      margin={
        Object {
          "bottom": 5,
          "left": 0,
          "right": 20,
          "top": 5,
        }
      }
      reverseStackOrder={false}
      stackOffset="none"
    >
      <CartesianGrid
        fill="none"
        horizontal={true}
        horizontalFill={Array []}
        horizontalPoints={Array []}
        stroke="#ccc"
        strokeDasharray="3 3"
        vertical={true}
        verticalFill={Array []}
        verticalPoints={Array []}
      />
      <XAxis
        allowDataOverflow={false}
        allowDecimals={true}
        allowDuplicatedCategory={true}
        dataKey="name"
        domain={
          Array [
            0,
            "auto",
          ]
        }
        height={30}
        hide={false}
        mirror={false}
        orientation="bottom"
        padding={
          Object {
            "left": 0,
            "right": 0,
          }
        }
        reversed={false}
        scale="auto"
        tickCount={5}
        type="category"
        width={0}
        xAxisId={0}
      />
      <YAxis
        allowDataOverflow={false}
        allowDecimals={true}
        allowDuplicatedCategory={true}
        domain={
          Array [
            undefined,
            undefined,
          ]
        }
        height={0}
        hide={false}
        interval="preserveStartEnd"
        mirror={false}
        orientation="left"
        padding={
          Object {
            "bottom": 0,
            "top": 0,
          }
        }
        reversed={false}
        scale="auto"
        tickCount={5}
        type="number"
        width={60}
        yAxisId={0}
      />
      <Tooltip
        active={false}
        animationDuration={400}
        animationEasing="ease"
        contentStyle={Object {}}
        coordinate={
          Object {
            "x": 0,
            "y": 0,
          }
        }
        cursor={true}
        cursorStyle={Object {}}
        filterNull={true}
        isAnimationActive={true}
        itemSorter={[Function]}
        itemStyle={Object {}}
        labelStyle={Object {}}
        offset={10}
        separator=" : "
        useTranslate3d={false}
        viewBox={
          Object {
            "x1": 0,
            "x2": 0,
            "y1": 0,
            "y2": 0,
          }
        }
        wrapperStyle={Object {}}
      />
      <Legend
        align="center"
        iconSize={14}
        layout="horizontal"
        verticalAlign="bottom"
      />
    </LineChart>
  </ResponsiveContainer>
</div>
`;
