// Jest Snapshot v1, https://goo.gl/fbAQLP

exports[`InstrumentsSearch should render component comparing with previous snapshot shallow markup 1`] = `
<div
  id="instrumentsSearch"
>
  <form>
    <Autocomplete
      autoHighlight={true}
      getItemValue={[Function]}
      inputProps={Object {}}
      isItemSelectable={[Function]}
      items={
        Array [
          Object {
            "label": "(undefined) symbol",
            "value": undefined,
          },
        ]
      }
      menuStyle={
        Object {
          "background": "rgba(255, 255, 255, 0.9)",
          "borderRadius": "3px",
          "boxShadow": "0 2px 12px rgba(0, 0, 0, 0.1)",
          "fontSize": "90%",
          "maxHeight": "50%",
          "overflow": "auto",
          "padding": "2px 0",
          "position": "fixed",
        }
      }
      onChange={[Function]}
      onMenuVisibilityChange={[Function]}
      onSelect={[Function]}
      renderInput={[Function]}
      renderItem={[Function]}
      renderMenu={[Function]}
      selectOnBlur={false}
      shouldItemRender={[Function]}
      value=""
      wrapperProps={Object {}}
      wrapperStyle={
        Object {
          "display": "inline-block",
        }
      }
    />
    <input
      onClick={[Function]}
      type="submit"
      value="Add"
    />
  </form>
</div>
`;
