// Jest Snapshot v1, https://goo.gl/fbAQLP

exports[`Orderbook should render component comparing with previous snapshot shallow markup 1`] = `
<ReactTable
  AggregatedComponent={[Function]}
  ExpanderComponent={[Function]}
  FilterComponent={[Function]}
  LoadingComponent={[Function]}
  NoDataComponent={[Function]}
  PadRowComponent={[Function]}
  PaginationComponent={[Function]}
  PivotValueComponent={[Function]}
  ResizerComponent={[Function]}
  TableComponent={[Function]}
  TbodyComponent={[Function]}
  TdComponent={[Function]}
  TfootComponent={[Function]}
  ThComponent={[Function]}
  TheadComponent={[Function]}
  TrComponent={[Function]}
  TrGroupComponent={[Function]}
  aggregatedKey="_aggregated"
  className=""
  collapseOnDataChange={true}
  collapseOnPageChange={true}
  collapseOnSortingChange={true}
  column={
    Object {
      "Aggregated": undefined,
      "Cell": undefined,
      "Expander": undefined,
      "Filter": undefined,
      "Footer": undefined,
      "Header": undefined,
      "Pivot": undefined,
      "PivotValue": undefined,
      "Placeholder": undefined,
      "aggregate": undefined,
      "className": "",
      "filterAll": false,
      "filterMethod": undefined,
      "filterable": undefined,
      "footerClassName": "",
      "footerStyle": Object {},
      "getFooterProps": [Function],
      "getHeaderProps": [Function],
      "getProps": [Function],
      "headerClassName": "",
      "headerStyle": Object {},
      "minResizeWidth": 11,
      "minWidth": 100,
      "resizable": undefined,
      "show": true,
      "sortMethod": undefined,
      "sortable": undefined,
      "style": Object {},
    }
  }
  columns={
    Array [
      Object {
        "Header": "Order Ref",
        "accessor": "orderRef",
        "width": 80,
      },
      Object {
        "Header": "Symbol",
        "accessor": "symbol",
        "width": 50,
      },
      Object {
        "Header": "Created",
        "accessor": "created",
        "width": 120,
      },
      Object {
        "Header": "Last Updated",
        "accessor": "lastUpdated",
        "width": 120,
      },
      Object {
        "Header": "Instrument",
        "accessor": "instrument",
        "className": "instrument-column",
      },
      Object {
        "Header": "Status",
        "accessor": "status",
        "width": 70,
      },
      Object {
        "Header": "Ccy",
        "accessor": "ccy",
        "width": 40,
      },
      Object {
        "Header": "Buy/Sell",
        "accessor": "buySell",
        "width": 50,
      },
      Object {
        "Header": "Qty",
        "accessor": "quantity",
        "width": 50,
      },
      Object {
        "Header": "Executed",
        "accessor": "executed",
        "width": 60,
      },
      Object {
        "Header": "Order Type",
        "accessor": "orderType",
        "width": 70,
      },
      Object {
        "Header": "Order Price",
        "accessor": "price",
        "width": 70,
      },
      Object {
        "Header": "Price (avg)",
        "accessor": "avgPrice",
        "width": 70,
      },
      Object {
        "Header": "Expiry Type",
        "accessor": "expiryType",
        "width": 70,
      },
      Object {
        "Header": "Expiry Date",
        "accessor": "expiryDate",
        "width": 70,
      },
    ]
  }
  data={
    Array [
      Object {
        "orderRef": "XA12345678",
        "symbol": "AMZ",
      },
    ]
  }
  defaultExpanded={Object {}}
  defaultFilterMethod={[Function]}
  defaultFiltered={Array []}
  defaultPage={0}
  defaultPageSize={10}
  defaultResized={Array []}
  defaultSortDesc={false}
  defaultSortMethod={[Function]}
  defaultSorted={Array []}
  expanderDefaults={
    Object {
      "filterable": false,
      "resizable": false,
      "sortable": false,
      "width": 35,
    }
  }
  filterable={false}
  freezeWhenExpanded={false}
  getLoadingProps={[Function]}
  getNoDataProps={[Function]}
  getPaginationProps={[Function]}
  getProps={[Function]}
  getResizerProps={[Function]}
  getTableProps={[Function]}
  getTbodyProps={[Function]}
  getTdProps={[Function]}
  getTfootProps={[Function]}
  getTfootTdProps={[Function]}
  getTfootTrProps={[Function]}
  getTheadFilterProps={[Function]}
  getTheadFilterThProps={[Function]}
  getTheadFilterTrProps={[Function]}
  getTheadGroupProps={[Function]}
  getTheadGroupThProps={[Function]}
  getTheadGroupTrProps={[Function]}
  getTheadProps={[Function]}
  getTheadThProps={[Function]}
  getTheadTrProps={[Function]}
  getTrGroupProps={[Function]}
  getTrProps={[Function]}
  groupedByPivotKey="_groupedByPivot"
  indexKey="_index"
  loading={false}
  loadingText="Loading..."
  multiSort={true}
  nestingLevelKey="_nestingLevel"
  nextText="Next"
  noDataText="No rows found"
  ofText="of"
  onFetchData={[Function]}
  originalKey="_original"
  pageJumpText="jump to page"
  pageSizeOptions={
    Array [
      5,
      10,
      20,
      25,
      50,
      100,
    ]
  }
  pageText="Page"
  pivotDefaults={Object {}}
  pivotIDKey="_pivotID"
  pivotValKey="_pivotVal"
  previousText="Previous"
  resizable={true}
  resolveData={[Function]}
  rowsSelectorText="rows per page"
  rowsText="rows"
  showPageJump={true}
  showPageSizeOptions={false}
  showPagination={true}
  showPaginationBottom={true}
  showPaginationTop={false}
  sortable={true}
  style={Object {}}
  subRowsKey="_subRows"
/>
`;
